MainDefaultComponentMod.java
DataProviderImpl.java
Default/init_cpu.java
Default/increase_minusc.java
Default/decrease_p0_fan_speed.java
Default/decrease_button_click.java
Default/WaterTemperatureSensor.java
Default/increase_hr.java
Default/decrease_ch.java
Default/clock_button_click.java
Default/stop_pump.java
Default/decrease_hn.java
Default/updated_speed_value.java
Default/get_water_temperature.java
Default/decrease_temperature.java
Default/error_speed.java
Default/update_water_temperature.java
Default/decrease_minus_C.java
Default/decrease_p_min_fan_speed.java
Default/Default_pkgClass.java
Default/Tachometer.java
Default/update_parameter_display.java
Default/decrease_minutes.java
Default/increase_p0_fan_speed.java
Default/get_time.java
Default/increase_hours.java
Default/increase_hc.java
Default/set_clock.java
Default/update_nighttime_display.java
Default/start_fan.java
Default/init_clock.java
Default/Clock.java
Default/increase_temperature.java
Default/dispatcher_init_finished.java
Default/increase_button_click.java
Default/ExternalThermomether.java
Default/fan_set_min_speed.java
Default/decrease_minusc.java
Default/init_tachometer.java
Default/new_time.java
Default/WaterPump.java
Default/init_pump.java
Default/increase_minutes.java
Default/increase_ch.java
Default/increase_p_min_fan_speed.java
Default/set_normal_temp.java
Default/decrease_of.java
Default/init_external_thermomether.java
Default/temperature_changed.java
Default/stop_fan.java
Default/decrease_hours.java
Default/init_water_sensor.java
Default/Dispatcher.java
Default/update_fan_display.java
Default/increase_minus_C.java
Default/init_lcd_display.java
Default/update_external_temperature.java
Default/DataProvider.java
Default/LCDDisplay.java
Default/set_decreased_temp.java
Default/decrease_hr.java
Default/error_external_temperature.java
Default/menu_button_click.java
Default/CPU.java
Default/start_pump.java
Default/reset_ch.java
Default/increase_of.java
Default/fan_button_click.java
Default/fan_set_normal_speed.java
Default/increase_hn.java
Default/decrease_hc.java
Default/error_water_temperature.java
Default/time_changed.java
InitWebResources.java
